// Jest Snapshot v1, https://goo.gl/fbAQLP

exports[`<Radio/> should render with label 1`] = `
.c0 {
  display: -webkit-box;
  display: -webkit-flex;
  display: -ms-flexbox;
  display: flex;
  -webkit-align-items: center;
  -webkit-box-align: center;
  -ms-flex-align: center;
  align-items: center;
}

.c1 {
  width: 2rem;
  height: 2rem;
  border: 0.2rem solid #2E2F42;
  border-radius: 50%;
  background: transparent;
  -webkit-appearance: none;
  -moz-appearance: none;
  appearance: none;
  outline: none;
  position: relative;
  -webkit-transition: background 0.1s ease-in-out;
  transition: background 0.1s ease-in-out;
  cursor: pointer;
  display: -webkit-box;
  display: -webkit-flex;
  display: -ms-flexbox;
  display: flex;
  -webkit-align-items: center;
  -webkit-box-align: center;
  -ms-flex-align: center;
  align-items: center;
  -webkit-box-pack: center;
  -webkit-justify-content: center;
  -ms-flex-pack: center;
  justify-content: center;
}

.c1::before {
  content: '';
  width: 1rem;
  height: 1rem;
  border-radius: 50%;
  background: #F231A5;
  opacity: 0;
  -webkit-transition: opacity 0.1s ease-in-out;
  transition: opacity 0.1s ease-in-out;
  position: absolute;
}

.c1:focus {
  box-shadow: 0 0 0.5rem #F231A5;
}

.c1:checked {
  border-color: #F231A5;
}

.c1:checked::before {
  opacity: 1;
}

.c2 {
  color: #FAFAFA;
  margin-left: 0.8rem;
  line-height: 1;
}

<div
  class="c0"
>
  <input
    class="c1"
    id="radio"
    type="radio"
    value=""
  />
  <label
    class="c2"
    for="radio"
  >
    radio label
  </label>
</div>
`;
